Dec 29 13:08:14 websystem sshd[1894]: Did not receive identification string from 43.136.95.69 port 42376
Dec 29 13:08:15 websystem sshd[1858]: Failed password for invalid user solr from 209.38.20.207 port 37078 ssh2
Dec 29 13:08:15 websystem sshd[1892]: Invalid user oracle from 209.38.20.207 port 60182
Dec 29 13:08:16 websystem sshd[1858]: Connection closed by invalid user solr 209.38.20.207 port 37078 [preauth]
Dec 29 13:08:16 websystem sshd[1895]: Invalid user test from 43.136.95.69 port 31624
Dec 29 13:08:16 websystem sshd[1892]: pam_unix(sshd:auth): check pass; user unknown
Dec 29 13:08:16 websystem sshd[1892]: pam_unix(sshd:auth): authentication failure; logname= uid=0 euid=0 tty=ssh ruser= rhost=209.38.20.207
Dec 29 13:08:16 websystem sshd[1895]: pam_unix(sshd:auth): check pass; user unknown
Dec 29 13:08:16 websystem sshd[1895]: pam_unix(sshd:auth): authentication failure; logname= uid=0 euid=0 tty=ssh ruser= rhost=43.136.95.69
Dec 29 13:08:18 websystem sshd[1892]: Failed password for invalid user oracle from 209.38.20.207 port 60182 ssh2
Dec 29 13:08:18 websystem sshd[1895]: Failed password for invalid user test from 43.136.95.69 port 31624 ssh2
Dec 29 13:08:18 websystem sshd[1892]: Connection closed by invalid user oracle 209.38.20.207 port 60182 [preauth]
Dec 29 13:08:18 websystem sshd[1895]: Connection closed by invalid user test 43.136.95.69 port 31624 [preauth]
Dec 29 13:08:19 websystem sshd[1902]: Invalid user nurupo from 209.38.20.207 port 55054
Dec 29 13:08:19 websystem sshd[1902]: pam_unix(sshd:auth): check pass; user unknown
Dec 29 13:08:19 websystem sshd[1902]: pam_unix(sshd:auth): authentication failure; logname= uid=0 euid=0 tty=ssh ruser= rhost=209.38.20.207
Dec 29 13:08:20 websystem sshd[1905]: Invalid user ubnt from 43.136.95.69 port 33488
Dec 29 13:08:20 websystem sshd[1905]: pam_unix(sshd:auth): check pass; user unknown
Dec 29 13:08:20 websystem sshd[1905]: pam_unix(sshd:auth): authentication failure; logname= uid=0 euid=0 tty=ssh ruser= rhost=43.136.95.69
Dec 29 13:08:21 websystem sshd[1902]: Failed password for invalid user nurupo from 209.38.20.207 port 55054 ssh2
Dec 29 13:08:21 websystem sshd[1902]: Connection closed by invalid user nurupo 209.38.20.207 port 55054 [preauth]
Dec 29 13:08:21 websystem sshd[1905]: Failed password for invalid user ubnt from 43.136.95.69 port 33488 ssh2
Dec 29 13:08:22 websystem sshd[1905]: Connection closed by invalid user ubnt 43.136.95.69 port 33488 [preauth]
Dec 29 13:08:22 websystem sshd[1908]: Invalid user user from 209.38.20.207 port 49926
Dec 29 13:08:22 websystem sshd[1908]: pam_unix(sshd:auth): check pass; user unknown
Dec 29 13:08:22 websystem sshd[1908]: pam_unix(sshd:auth): authentication failure; logname= uid=0 euid=0 tty=ssh ruser= rhost=209.38.20.207
Dec 29 13:08:23 websystem sshd[1911]: Invalid user devops from 43.136.95.69 port 65185
Dec 29 13:08:23 websystem sshd[1911]: pam_unix(sshd:auth): check pass; user unknown
Dec 29 13:08:23 websystem sshd[1911]: pam_unix(sshd:auth): authentication failure; logname= uid=0 euid=0 tty=ssh ruser= rhost=43.136.95.69
Dec 29 13:08:24 websystem sshd[1908]: Failed password for invalid user user from 209.38.20.207 port 49926 ssh2
Dec 29 13:08:24 websystem sshd[1908]: Connection closed by invalid user user 209.38.20.207 port 49926 [preauth]
Dec 29 13:08:25 websystem sshd[1914]: Invalid user weblogic from 209.38.20.207 port 44798
Dec 29 13:08:25 websystem sshd[1914]: pam_unix(sshd:auth): check pass; user unknown
Dec 29 13:08:25 websystem sshd[1914]: pam_unix(sshd:auth): authentication failure; logname= uid=0 euid=0 tty=ssh ruser= rhost=209.38.20.207
Dec 29 13:08:26 websystem sshd[1911]: Failed password for invalid user devops from 43.136.95.69 port 65185 ssh2
Dec 29 13:08:26 websystem sshd[1911]: Connection closed by invalid user devops 43.136.95.69 port 65185 [preauth]
Dec 29 13:08:28 websystem sshd[1918]: Invalid user note from 43.136.95.69 port 31625
Dec 29 13:08:28 websystem sshd[1914]: Failed password for invalid user weblogic from 209.38.20.207 port 44798 ssh2
Dec 29 13:08:28 websystem sshd[1918]: pam_unix(sshd:auth): check pass; user unknown
Dec 29 13:08:28 websystem sshd[1918]: pam_unix(sshd:auth): authentication failure; logname= uid=0 euid=0 tty=ssh ruser= rhost=43.136.95.69
Dec 29 13:08:28 websystem sshd[1914]: Connection closed by invalid user weblogic 209.38.20.207 port 44798 [preauth]
Dec 29 13:08:28 websystem sshd[1920]: Invalid user deploy from 209.38.20.207 port 39670
Dec 29 13:08:28 websystem sshd[1920]: pam_unix(sshd:auth): check pass; user unknown
Dec 29 13:08:28 websystem sshd[1920]: pam_unix(sshd:auth): authentication failure; logname= uid=0 euid=0 tty=ssh ruser= rhost=209.38.20.207
Dec 29 13:08:30 websystem sshd[1918]: Failed password for invalid user note from 43.136.95.69 port 31625 ssh2
Dec 29 13:08:30 websystem sshd[1918]: Connection closed by invalid user note 43.136.95.69 port 31625 [preauth]
Dec 29 13:08:31 websystem sshd[1920]: Failed password for invalid user deploy from 209.38.20.207 port 39670 ssh2
Dec 29 13:08:31 websystem sshd[1920]: Connection closed by invalid user deploy 209.38.20.207 port 39670 [preauth]
Dec 29 13:08:31 websystem sshd[1923]: Invalid user ntps from 209.38.20.207 port 34542
Dec 29 13:08:32 websystem sshd[1923]: pam_unix(sshd:auth): check pass; user unknown
Dec 29 13:08:32 websystem sshd[1923]: pam_unix(sshd:auth): authentication failure; logname= uid=0 euid=0 tty=ssh ruser= rhost=209.38.20.207
Dec 29 13:08:32 websystem sshd[1925]: Invalid user user from 43.136.95.69 port 65186
Dec 29 13:08:32 websystem sshd[1925]: pam_unix(sshd:auth): check pass; user unknown
Dec 29 13:08:32 websystem sshd[1925]: pam_unix(sshd:auth): authentication failure; logname= uid=0 euid=0 tty=ssh ruser= rhost=43.136.95.69
Dec 29 13:08:33 websystem sshd[1923]: Failed password for invalid user ntps from 209.38.20.207 port 34542 ssh2
Dec 29 13:08:33 websystem sshd[1925]: Failed password for invalid user user from 43.136.95.69 port 65186 ssh2
Dec 29 13:08:33 websystem sshd[1923]: Connection closed by invalid user ntps 209.38.20.207 port 34542 [preauth]
Dec 29 13:08:34 websystem sshd[1925]: Connection closed by invalid user user 43.136.95.69 port 65186 [preauth]
Dec 29 13:08:35 websystem sshd[1930]: Invalid user infra from 209.38.20.207 port 57646
Dec 29 13:08:35 websystem sshd[1932]: Invalid user csgo from 43.136.95.69 port 57114
Dec 29 13:08:35 websystem sshd[1930]: pam_unix(sshd:auth): check pass; user unknown
Dec 29 13:08:35 websystem sshd[1930]: pam_unix(sshd:auth): authentication failure; logname= uid=0 euid=0 tty=ssh ruser= rhost=209.38.20.207
Dec 29 13:08:35 websystem sshd[1932]: pam_unix(sshd:auth): check pass; user unknown
Dec 29 13:08:35 websystem sshd[1932]: pam_unix(sshd:auth): authentication failure; logname= uid=0 euid=0 tty=ssh ruser= rhost=43.136.95.69
Dec 29 13:08:38 websystem sshd[1930]: Failed password for invalid user infra from 209.38.20.207 port 57646 ssh2
Dec 29 13:08:38 websystem sshd[1932]: Failed password for invalid user csgo from 43.136.95.69 port 57114 ssh2
Dec 29 13:08:38 websystem sshd[1930]: Connection closed by invalid user infra 209.38.20.207 port 57646 [preauth]
Dec 29 13:08:38 websystem sshd[1939]: pam_unix(sshd:auth): authentication failure; logname= uid=0 euid=0 tty=ssh ruser= rhost=209.38.20.207  user=root
Dec 29 13:08:38 websystem sshd[1932]: Connection closed by invalid user csgo 43.136.95.69 port 57114 [preauth]
Dec 29 13:08:40 websystem sshd[1941]: Invalid user sftp_user from 43.136.95.69 port 53154
Dec 29 13:08:40 websystem sshd[1941]: pam_unix(sshd:auth): check pass; user unknown
Dec 29 13:08:40 websystem sshd[1941]: pam_unix(sshd:auth): authentication failure; logname= uid=0 euid=0 tty=ssh ruser= rhost=43.136.95.69
Dec 29 13:08:40 websystem sshd[1939]: Failed password for root from 209.38.20.207 port 52518 ssh2
Dec 29 13:08:40 websystem sshd[1939]: Connection closed by authenticating user root 209.38.20.207 port 52518 [preauth]
Dec 29 13:08:41 websystem sshd[1944]: Invalid user gpadmin from 209.38.20.207 port 47390
Dec 29 13:08:42 websystem sshd[1944]: pam_unix(sshd:auth): check pass; user unknown
Dec 29 13:08:42 websystem sshd[1944]: pam_unix(sshd:auth): authentication failure; logname= uid=0 euid=0 tty=ssh ruser= rhost=209.38.20.207
Dec 29 13:08:42 websystem sshd[1941]: Failed password for invalid user sftp_user from 43.136.95.69 port 53154 ssh2
Dec 29 13:08:42 websystem sshd[1941]: Connection closed by invalid user sftp_user 43.136.95.69 port 53154 [preauth]
Dec 29 13:08:43 websystem sshd[1949]: Invalid user oracle from 43.136.95.69 port 6638
Dec 29 13:08:44 websystem sshd[1949]: pam_unix(sshd:auth): check pass; user unknown
Dec 29 13:08:44 websystem sshd[1949]: pam_unix(sshd:auth): authentication failure; logname= uid=0 euid=0 tty=ssh ruser= rhost=43.136.95.69
Dec 29 13:08:44 websystem sshd[1944]: Failed password for invalid user gpadmin from 209.38.20.207 port 47390 ssh2
Dec 29 13:08:44 websystem sshd[1944]: Connection closed by invalid user gpadmin 209.38.20.207 port 47390 [preauth]
Dec 29 13:08:44 websystem sshd[1980]: Invalid user woojin from 209.38.20.207 port 42262
Dec 29 13:08:45 websystem sshd[1980]: pam_unix(sshd:auth): check pass; user unknown
Dec 29 13:08:45 websystem sshd[1980]: pam_unix(sshd:auth): authentication failure; logname= uid=0 euid=0 tty=ssh ruser= rhost=209.38.20.207
Dec 29 13:08:45 websystem sshd[1949]: Failed password for invalid user oracle from 43.136.95.69 port 6638 ssh2
Dec 29 13:08:45 websystem sshd[1949]: Connection closed by invalid user oracle 43.136.95.69 port 6638 [preauth]
Dec 29 13:08:47 websystem sshd[1980]: Failed password for invalid user woojin from 209.38.20.207 port 42262 ssh2
Dec 29 13:08:47 websystem sshd[1980]: Connection closed by invalid user woojin 209.38.20.207 port 42262 [preauth]
Dec 29 13:08:48 websystem sshd[1986]: Invalid user db from 43.136.95.69 port 3282
Dec 29 13:08:48 websystem sshd[1983]: Invalid user guest from 209.38.20.207 port 37134
Dec 29 13:08:48 websystem sshd[1986]: pam_unix(sshd:auth): check pass; user unknown
Dec 29 13:08:48 websystem sshd[1986]: pam_unix(sshd:auth): authentication failure; logname= uid=0 euid=0 tty=ssh ruser= rhost=43.136.95.69
Dec 29 13:08:48 websystem sshd[1983]: pam_unix(sshd:auth): check pass; user unknown
Dec 29 13:08:48 websystem sshd[1983]: pam_unix(sshd:auth): authentication failure; logname= uid=0 euid=0 tty=ssh ruser= rhost=209.38.20.207
Dec 29 13:08:50 websystem sshd[1986]: Failed password for invalid user db from 43.136.95.69 port 3282 ssh2
Dec 29 13:08:51 websystem sshd[1983]: Failed password for invalid user guest from 209.38.20.207 port 37134 ssh2
Dec 29 13:08:51 websystem sshd[1986]: Connection closed by invalid user db 43.136.95.69 port 3282 [preauth]
Dec 29 13:08:51 websystem sshd[1983]: Connection closed by invalid user guest 209.38.20.207 port 37134 [preauth]
Dec 29 13:08:51 websystem sshd[1989]: Invalid user esroot from 209.38.20.207 port 60238
Dec 29 13:08:51 websystem sshd[1989]: pam_unix(sshd:auth): check pass; user unknown
Dec 29 13:08:51 websystem sshd[1989]: pam_unix(sshd:auth): authentication failure; logname= uid=0 euid=0 tty=ssh ruser= rhost=209.38.20.207
Dec 29 13:08:52 websystem sshd[1991]: Invalid user stack from 43.136.95.69 port 53155
Dec 29 13:08:52 websystem sshd[1991]: pam_unix(sshd:auth): check pass; user unknown
Dec 29 13:08:52 websystem sshd[1991]: pam_unix(sshd:auth): authentication failure; logname= uid=0 euid=0 tty=ssh ruser= rhost=43.136.95.69
Dec 29 13:08:53 websystem sshd[1989]: Failed password for invalid user esroot from 209.38.20.207 port 60238 ssh2
Dec 29 13:08:54 websystem sshd[1989]: Connection closed by invalid user esroot 209.38.20.207 port 60238 [preauth]
Dec 29 13:08:54 websystem sshd[1991]: Failed password for invalid user stack from 43.136.95.69 port 53155 ssh2
Dec 29 13:08:54 websystem sshd[1991]: Connection closed by invalid user stack 43.136.95.69 port 53155 [preauth]
Dec 29 13:08:54 websystem sshd[1995]: Invalid user gj5 from 209.38.20.207 port 55108
Dec 29 13:08:55 websystem sshd[1995]: pam_unix(sshd:auth): check pass; user unknown
Dec 29 13:08:55 websystem sshd[1995]: pam_unix(sshd:auth): authentication failure; logname= uid=0 euid=0 tty=ssh ruser= rhost=209.38.20.207
Dec 29 13:08:56 websystem sshd[1997]: Invalid user dietpi from 43.136.95.69 port 6639
Dec 29 13:08:56 websystem sshd[1997]: pam_unix(sshd:auth): check pass; user unknown
Dec 29 13:08:56 websystem sshd[1997]: pam_unix(sshd:auth): authentication failure; logname= uid=0 euid=0 tty=ssh ruser= rhost=43.136.95.69
Dec 29 13:08:57 websystem sshd[1995]: Failed password for invalid user gj5 from 209.38.20.207 port 55108 ssh2
Dec 29 13:08:57 websystem sshd[1997]: Failed password for invalid user dietpi from 43.136.95.69 port 6639 ssh2
Dec 29 13:08:57 websystem sshd[1995]: Connection closed by invalid user gj5 209.38.20.207 port 55108 [preauth]
Dec 29 13:08:57 websystem sshd[1997]: Connection closed by invalid user dietpi 43.136.95.69 port 6639 [preauth]
Dec 29 13:08:57 websystem sshd[2005]: Invalid user solr from 209.38.20.207 port 49980
Dec 29 13:08:58 websystem sshd[2005]: pam_unix(sshd:auth): check pass; user unknown
Dec 29 13:08:58 websystem sshd[2005]: pam_unix(sshd:auth): authentication failure; logname= uid=0 euid=0 tty=ssh ruser= rhost=209.38.20.207
Dec 29 13:08:58 websystem sshd[2008]: Invalid user user from 43.136.95.69 port 6640
Dec 29 13:08:59 websystem sshd[2008]: pam_unix(sshd:auth): check pass; user unknown
Dec 29 13:08:59 websystem sshd[2008]: pam_unix(sshd:auth): authentication failure; logname= uid=0 euid=0 tty=ssh ruser= rhost=43.136.95.69
Dec 29 13:09:00 websystem sshd[2005]: Failed password for invalid user solr from 209.38.20.207 port 49980 ssh2
Dec 29 13:09:01 websystem sshd[2008]: Failed password for invalid user user from 43.136.95.69 port 6640 ssh2
Dec 29 13:09:01 websystem sshd[2010]: pam_unix(sshd:auth): authentication failure; logname= uid=0 euid=0 tty=ssh ruser= rhost=209.38.20.207  user=root
Dec 29 13:09:01 websystem sshd[2008]: Connection closed by invalid user user 43.136.95.69 port 6640 [preauth]
Dec 29 13:09:01 websystem sshd[2005]: Connection closed by invalid user solr 209.38.20.207 port 49980 [preauth]
Dec 29 13:09:01 websystem CRON[2104]: pam_unix(cron:session): session opened for user root by (uid=0)
Dec 29 13:09:01 websystem CRON[2104]: pam_unix(cron:session): session closed for user root
Dec 29 13:09:03 websystem sshd[2106]: pam_unix(sshd:auth): authentication failure; logname= uid=0 euid=0 tty=ssh ruser= rhost=43.136.95.69  user=root
Dec 29 13:09:03 websystem sshd[2010]: Failed password for root from 209.38.20.207 port 44852 ssh2
Dec 29 13:09:04 websystem sshd[2010]: Connection closed by authenticating user root 209.38.20.207 port 44852 [preauth]
Dec 29 13:09:04 websystem sshd[2110]: Invalid user gitlab-psql from 209.38.20.207 port 39724
Dec 29 13:09:04 websystem sshd[2110]: pam_unix(sshd:auth): check pass; user unknown
Dec 29 13:09:04 websystem sshd[2110]: pam_unix(sshd:auth): authentication failure; logname= uid=0 euid=0 tty=ssh ruser= rhost=209.38.20.207
Dec 29 13:09:05 websystem sshd[2106]: Failed password for root from 43.136.95.69 port 31626 ssh2
Dec 29 13:09:05 websystem sshd[2106]: Connection closed by authenticating user root 43.136.95.69 port 31626 [preauth]
Dec 29 13:09:06 websystem sshd[2110]: Failed password for invalid user gitlab-psql from 209.38.20.207 port 39724 ssh2
Dec 29 13:09:06 websystem sshd[2112]: Invalid user oracle from 43.136.95.69 port 43874
Dec 29 13:09:06 websystem sshd[2110]: Connection closed by invalid user gitlab-psql 209.38.20.207 port 39724 [preauth]
Dec 29 13:09:06 websystem sshd[2112]: pam_unix(sshd:auth): check pass; user unknown
Dec 29 13:09:06 websystem sshd[2112]: pam_unix(sshd:auth): authentication failure; logname= uid=0 euid=0 tty=ssh ruser= rhost=43.136.95.69
Dec 29 13:09:07 websystem sshd[2115]: Invalid user trinity from 209.38.20.207 port 34596
Dec 29 13:09:08 websystem sshd[2115]: pam_unix(sshd:auth): check pass; user unknown
Dec 29 13:09:08 websystem sshd[2115]: pam_unix(sshd:auth): authentication failure; logname= uid=0 euid=0 tty=ssh ruser= rhost=209.38.20.207
Dec 29 13:09:09 websystem sshd[2112]: Failed password for invalid user oracle from 43.136.95.69 port 43874 ssh2
Dec 29 13:09:09 websystem sshd[2112]: Connection closed by invalid user oracle 43.136.95.69 port 43874 [preauth]
Dec 29 13:09:10 websystem sshd[2115]: Failed password for invalid user trinity from 209.38.20.207 port 34596 ssh2
Dec 29 13:09:10 websystem sshd[2115]: Connection closed by invalid user trinity 209.38.20.207 port 34596 [preauth]
Dec 29 13:09:10 websystem sshd[2118]: Invalid user huang_jiajun from 43.136.95.69 port 44376
Dec 29 13:09:10 websystem sshd[2118]: pam_unix(sshd:auth): check pass; user unknown
Dec 29 13:09:10 websystem sshd[2118]: pam_unix(sshd:auth): authentication failure; logname= uid=0 euid=0 tty=ssh ruser= rhost=43.136.95.69
Dec 29 13:09:11 websystem sshd[2120]: Invalid user email from 209.38.20.207 port 57700
Dec 29 13:09:11 websystem sshd[2120]: pam_unix(sshd:auth): check pass; user unknown
Dec 29 13:09:11 websystem sshd[2120]: pam_unix(sshd:auth): authentication failure; logname= uid=0 euid=0 tty=ssh ruser= rhost=209.38.20.207
Dec 29 13:09:13 websystem sshd[2123]: pam_unix(sshd:auth): authentication failure; logname= uid=0 euid=0 tty=ssh ruser= rhost=218.92.0.97  user=root
Dec 29 13:09:13 websystem sshd[2118]: Failed password for invalid user huang_jiajun from 43.136.95.69 port 44376 ssh2
Dec 29 13:09:13 websystem sshd[2120]: Failed password for invalid user email from 209.38.20.207 port 57700 ssh2
Dec 29 13:09:13 websystem sshd[2118]: Connection closed by invalid user huang_jiajun 43.136.95.69 port 44376 [preauth]
Dec 29 13:09:13 websystem sshd[2120]: Connection closed by invalid user email 209.38.20.207 port 57700 [preauth]
Dec 29 13:09:14 websystem sshd[2131]: pam_unix(sshd:auth): authentication failure; logname= uid=0 euid=0 tty=ssh ruser= rhost=209.38.20.207  user=root
Dec 29 13:09:14 websystem sshd[2158]: Invalid user sftpuser from 43.136.95.69 port 31627
Dec 29 13:09:15 websystem sshd[2158]: pam_unix(sshd:auth): check pass; user unknown
Dec 29 13:09:15 websystem sshd[2158]: pam_unix(sshd:auth): authentication failure; logname= uid=0 euid=0 tty=ssh ruser= rhost=43.136.95.69
Dec 29 13:09:15 websystem sshd[2123]: Failed password for root from 218.92.0.97 port 43697 ssh2
Dec 29 13:09:16 websystem sshd[2131]: Failed password for root from 209.38.20.207 port 52572 ssh2
Dec 29 13:09:16 websystem sshd[2158]: Failed password for invalid user sftpuser from 43.136.95.69 port 31627 ssh2
Dec 29 13:09:16 websystem sshd[2131]: Connection closed by authenticating user root 209.38.20.207 port 52572 [preauth]
Dec 29 13:09:16 websystem sshd[2158]: Connection closed by invalid user sftpuser 43.136.95.69 port 31627 [preauth]
Dec 29 13:09:17 websystem sshd[2123]: Failed password for root from 218.92.0.97 port 43697 ssh2
Dec 29 13:09:17 websystem sshd[2161]: Invalid user rancher from 209.38.20.207 port 47444
Dec 29 13:09:17 websystem sshd[2161]: pam_unix(sshd:auth): check pass; user unknown
Dec 29 13:09:17 websystem sshd[2161]: pam_unix(sshd:auth): authentication failure; logname= uid=0 euid=0 tty=ssh ruser= rhost=209.38.20.207
Dec 29 13:09:18 websystem sshd[2167]: Invalid user cs2sv from 43.136.95.69 port 6641
Dec 29 13:09:18 websystem sshd[2167]: pam_unix(sshd:auth): check pass; user unknown
Dec 29 13:09:18 websystem sshd[2167]: pam_unix(sshd:auth): authentication failure; logname= uid=0 euid=0 tty=ssh ruser= rhost=43.136.95.69
Dec 29 13:09:19 websystem sshd[2123]: Failed password for root from 218.92.0.97 port 43697 ssh2
Dec 29 13:09:19 websystem sshd[2123]: Received disconnect from 218.92.0.97 port 43697:11:  [preauth]
Dec 29 13:09:19 websystem sshd[2123]: Disconnected from authenticating user root 218.92.0.97 port 43697 [preauth]
Dec 29 13:09:19 websystem sshd[2123]: PAM 2 more authentication failures; logname= uid=0 euid=0 tty=ssh ruser= rhost=218.92.0.97  user=root
Dec 29 13:09:19 websystem sshd[2161]: Failed password for invalid user rancher from 209.38.20.207 port 47444 ssh2
Dec 29 13:09:20 websystem sshd[2161]: Connection closed by invalid user rancher 209.38.20.207 port 47444 [preauth]
Dec 29 13:09:20 websystem sshd[2167]: Failed password for invalid user cs2sv from 43.136.95.69 port 6641 ssh2
Dec 29 13:09:20 websystem sshd[2167]: Connection closed by invalid user cs2sv 43.136.95.69 port 6641 [preauth]
Dec 29 13:09:20 websystem sshd[2170]: Invalid user media from 209.38.20.207 port 42316
Dec 29 13:09:21 websystem sshd[2170]: pam_unix(sshd:auth): check pass; user unknown
Dec 29 13:09:21 websystem sshd[2170]: pam_unix(sshd:auth): authentication failure; logname= uid=0 euid=0 tty=ssh ruser= rhost=209.38.20.207
Dec 29 13:09:21 websystem sshd[2172]: Invalid user ubuntu from 43.136.95.69 port 57115
Dec 29 13:09:22 websystem sshd[2172]: pam_unix(sshd:auth): check pass; user unknown
Dec 29 13:09:22 websystem sshd[2172]: pam_unix(sshd:auth): authentication failure; logname= uid=0 euid=0 tty=ssh ruser= rhost=43.136.95.69
Dec 29 13:09:23 websystem sshd[2170]: Failed password for invalid user media from 209.38.20.207 port 42316 ssh2
Dec 29 13:09:23 websystem sshd[2170]: Connection closed by invalid user media 209.38.20.207 port 42316 [preauth]
Dec 29 13:09:24 websystem sshd[2172]: Failed password for invalid user ubuntu from 43.136.95.69 port 57115 ssh2
Dec 29 13:09:24 websystem sshd[2172]: Connection closed by invalid user ubuntu 43.136.95.69 port 57115 [preauth]
Dec 29 13:09:25 websystem sshd[2176]: Invalid user eluser from 209.38.20.207 port 37188
Dec 29 13:09:25 websystem sshd[2176]: pam_unix(sshd:auth): check pass; user unknown
Dec 29 13:09:25 websystem sshd[2176]: pam_unix(sshd:auth): authentication failure; logname= uid=0 euid=0 tty=ssh ruser= rhost=209.38.20.207
Dec 29 13:09:26 websystem sshd[2179]: Invalid user pa from 43.136.95.69 port 22995
Dec 29 13:09:26 websystem sshd[2179]: pam_unix(sshd:auth): check pass; user unknown
Dec 29 13:09:26 websystem sshd[2179]: pam_unix(sshd:auth): authentication failure; logname= uid=0 euid=0 tty=ssh ruser= rhost=43.136.95.69
Dec 29 13:09:27 websystem sshd[2182]: Invalid user dmdba from 209.38.20.207 port 60292
Dec 29 13:09:27 websystem sshd[2182]: pam_unix(sshd:auth): check pass; user unknown
Dec 29 13:09:27 websystem sshd[2182]: pam_unix(sshd:auth): authentication failure; logname= uid=0 euid=0 tty=ssh ruser= rhost=209.38.20.207
Dec 29 13:09:27 websystem sshd[2176]: Failed password for invalid user eluser from 209.38.20.207 port 37188 ssh2
Dec 29 13:09:27 websystem sshd[2179]: Failed password for invalid user pa from 43.136.95.69 port 22995 ssh2
Dec 29 13:09:28 websystem sshd[2176]: Connection closed by invalid user eluser 209.38.20.207 port 37188 [preauth]
Dec 29 13:09:28 websystem sshd[2179]: Connection closed by invalid user pa 43.136.95.69 port 22995 [preauth]
Dec 29 13:09:29 websystem sshd[2182]: Failed password for invalid user dmdba from 209.38.20.207 port 60292 ssh2
Dec 29 13:09:29 websystem sshd[2182]: Connection closed by invalid user dmdba 209.38.20.207 port 60292 [preauth]
Dec 29 13:09:29 websystem sshd[2185]: Invalid user apache from 43.136.95.69 port 65187
Dec 29 13:09:29 websystem sshd[2185]: pam_unix(sshd:auth): check pass; user unknown
Dec 29 13:09:29 websystem sshd[2185]: pam_unix(sshd:auth): authentication failure; logname= uid=0 euid=0 tty=ssh ruser= rhost=43.136.95.69
Dec 29 13:09:31 websystem sshd[2188]: pam_unix(sshd:auth): authentication failure; logname= uid=0 euid=0 tty=ssh ruser= rhost=209.38.20.207  user=root
Dec 29 13:09:31 websystem sshd[2185]: Failed password for invalid user apache from 43.136.95.69 port 65187 ssh2
Dec 29 13:09:32 websystem sshd[2185]: Connection closed by invalid user apache 43.136.95.69 port 65187 [preauth]
Dec 29 13:09:33 websystem sshd[2188]: Failed password for root from 209.38.20.207 port 55164 ssh2
Dec 29 13:09:33 websystem sshd[2192]: Invalid user dolphin from 43.136.95.69 port 44377
Dec 29 13:09:33 websystem sshd[2188]: Connection closed by authenticating user root 209.38.20.207 port 55164 [preauth]
Dec 29 13:09:33 websystem sshd[2192]: pam_unix(sshd:auth): check pass; user unknown
Dec 29 13:09:33 websystem sshd[2192]: pam_unix(sshd:auth): authentication failure; logname= uid=0 euid=0 tty=ssh ruser= rhost=43.136.95.69
Dec 29 13:09:34 websystem sshd[2194]: Invalid user pi from 209.38.20.207 port 50036
Dec 29 13:09:34 websystem sshd[2194]: pam_unix(sshd:auth): check pass; user unknown
Dec 29 13:09:34 websystem sshd[2194]: pam_unix(sshd:auth): authentication failure; logname= uid=0 euid=0 tty=ssh ruser= rhost=209.38.20.207
Dec 29 13:09:35 websystem sshd[2192]: Failed password for invalid user dolphin from 43.136.95.69 port 44377 ssh2
Dec 29 13:09:36 websystem sshd[2192]: Connection closed by invalid user dolphin 43.136.95.69 port 44377 [preauth]
Dec 29 13:09:36 websystem sshd[2194]: Failed password for invalid user pi from 209.38.20.207 port 50036 ssh2
Dec 29 13:09:37 websystem sshd[2194]: Connection closed by invalid user pi 209.38.20.207 port 50036 [preauth]
Dec 29 13:09:37 websystem sshd[2197]: Invalid user mongodb from 209.38.20.207 port 44908
Dec 29 13:09:37 websystem sshd[2197]: pam_unix(sshd:auth): check pass; user unknown
Dec 29 13:09:37 websystem sshd[2197]: pam_unix(sshd:auth): authentication failure; logname= uid=0 euid=0 tty=ssh ruser= rhost=209.38.20.207
Dec 29 13:09:38 websystem sshd[2199]: Invalid user admin from 43.136.95.69 port 33489
Dec 29 13:09:38 websystem sshd[2199]: pam_unix(sshd:auth): check pass; user unknown
Dec 29 13:09:38 websystem sshd[2199]: pam_unix(sshd:auth): authentication failure; logname= uid=0 euid=0 tty=ssh ruser= rhost=43.136.95.69
Dec 29 13:09:39 websystem sshd[2197]: Failed password for invalid user mongodb from 209.38.20.207 port 44908 ssh2
Dec 29 13:09:40 websystem sshd[2199]: Failed password for invalid user admin from 43.136.95.69 port 33489 ssh2
Dec 29 13:09:40 websystem sshd[2199]: Connection closed by invalid user admin 43.136.95.69 port 33489 [preauth]
Dec 29 13:09:40 websystem sshd[2197]: Connection closed by invalid user mongodb 209.38.20.207 port 44908 [preauth]
Dec 29 13:09:40 websystem sshd[2206]: Invalid user niaoyun from 209.38.20.207 port 39780
Dec 29 13:09:41 websystem sshd[2206]: pam_unix(sshd:auth): check pass; user unknown
Dec 29 13:09:41 websystem sshd[2206]: pam_unix(sshd:auth): authentication failure; logname= uid=0 euid=0 tty=ssh ruser= rhost=209.38.20.207
Dec 29 13:09:41 websystem sshd[2209]: Invalid user alex from 43.136.95.69 port 33490
Dec 29 13:09:41 websystem sshd[2209]: pam_unix(sshd:auth): check pass; user unknown
Dec 29 13:09:41 websystem sshd[2209]: pam_unix(sshd:auth): authentication failure; logname= uid=0 euid=0 tty=ssh ruser= rhost=43.136.95.69
Dec 29 13:09:43 websystem sshd[2206]: Failed password for invalid user niaoyun from 209.38.20.207 port 39780 ssh2
Dec 29 13:09:43 websystem sshd[2206]: Connection closed by invalid user niaoyun 209.38.20.207 port 39780 [preauth]
Dec 29 13:09:43 websystem sshd[2209]: Failed password for invalid user alex from 43.136.95.69 port 33490 ssh2
Dec 29 13:09:44 websystem sshd[2219]: Invalid user dmdba from 209.38.20.207 port 34652
Dec 29 13:09:44 websystem sshd[2209]: Connection closed by invalid user alex 43.136.95.69 port 33490 [preauth]
Dec 29 13:09:44 websystem sshd[2219]: pam_unix(sshd:auth): check pass; user unknown
Dec 29 13:09:44 websystem sshd[2219]: pam_unix(sshd:auth): authentication failure; logname= uid=0 euid=0 tty=ssh ruser= rhost=209.38.20.207
Dec 29 13:09:45 websystem sshd[2245]: pam_unix(sshd:auth): authentication failure; logname= uid=0 euid=0 tty=ssh ruser= rhost=43.136.95.69  user=root
Dec 29 13:09:46 websystem sshd[2219]: Failed password for invalid user dmdba from 209.38.20.207 port 34652 ssh2
Dec 29 13:09:46 websystem sshd[2219]: Connection closed by invalid user dmdba 209.38.20.207 port 34652 [preauth]
Dec 29 13:09:47 websystem sshd[2248]: Invalid user wso2 from 209.38.20.207 port 57756
Dec 29 13:09:47 websystem sshd[2248]: pam_unix(sshd:auth): check pass; user unknown
Dec 29 13:09:47 websystem sshd[2248]: pam_unix(sshd:auth): authentication failure; logname= uid=0 euid=0 tty=ssh ruser= rhost=209.38.20.207
Dec 29 13:09:47 websystem sshd[2245]: Failed password for root from 43.136.95.69 port 6642 ssh2
Dec 29 13:09:48 websystem sshd[2245]: Connection closed by authenticating user root 43.136.95.69 port 6642 [preauth]
Dec 29 13:09:49 websystem sshd[2248]: Failed password for invalid user wso2 from 209.38.20.207 port 57756 ssh2
Dec 29 13:09:49 websystem sshd[2248]: Connection closed by invalid user wso2 209.38.20.207 port 57756 [preauth]
Dec 29 13:09:49 websystem sshd[2255]: Invalid user telecomadmin from 85.209.11.227 port 43377
Dec 29 13:09:49 websystem sshd[2255]: pam_unix(sshd:auth): check pass; user unknown
Dec 29 13:09:49 websystem sshd[2255]: pam_unix(sshd:auth): authentication failure; logname= uid=0 euid=0 tty=ssh ruser= rhost=85.209.11.227
Dec 29 13:09:50 websystem sshd[2251]: Invalid user kuma from 209.38.20.207 port 52622
Dec 29 13:09:50 websystem sshd[2251]: pam_unix(sshd:auth): check pass; user unknown
Dec 29 13:09:50 websystem sshd[2251]: pam_unix(sshd:auth): authentication failure; logname= uid=0 euid=0 tty=ssh ruser= rhost=209.38.20.207
Dec 29 13:09:51 websystem sshd[2253]: Invalid user amanda from 43.136.95.69 port 43875
Dec 29 13:09:51 websystem sshd[2253]: pam_unix(sshd:auth): check pass; user unknown
Dec 29 13:09:51 websystem sshd[2253]: pam_unix(sshd:auth): authentication failure; logname= uid=0 euid=0 tty=ssh ruser= rhost=43.136.95.69
Dec 29 13:09:51 websystem sshd[2255]: Failed password for invalid user telecomadmin from 85.209.11.227 port 43377 ssh2
Dec 29 13:09:51 websystem sshd[2255]: Connection reset by invalid user telecomadmin 85.209.11.227 port 43377 [preauth]
Dec 29 13:09:51 websystem sshd[2251]: Failed password for invalid user kuma from 209.38.20.207 port 52622 ssh2
Dec 29 13:09:52 websystem sshd[2251]: Connection closed by invalid user kuma 209.38.20.207 port 52622 [preauth]
Dec 29 13:09:52 websystem sshd[2253]: Failed password for invalid user amanda from 43.136.95.69 port 43875 ssh2
Dec 29 13:09:53 websystem sshd[2253]: Connection closed by invalid user amanda 43.136.95.69 port 43875 [preauth]
Dec 29 13:09:54 websystem sshd[2259]: pam_unix(sshd:auth): authentication failure; logname= uid=0 euid=0 tty=ssh ruser= rhost=209.38.20.207  user=lp
Dec 29 13:09:54 websystem sshd[2262]: Invalid user asus from 43.136.95.69 port 22996
Dec 29 13:09:54 websystem sshd[2262]: pam_unix(sshd:auth): check pass; user unknown
Dec 29 13:09:54 websystem sshd[2262]: pam_unix(sshd:auth): authentication failure; logname= uid=0 euid=0 tty=ssh ruser= rhost=43.136.95.69
Dec 29 13:09:55 websystem sshd[2259]: Failed password for lp from 209.38.20.207 port 47500 ssh2
Dec 29 13:09:56 websystem sshd[2259]: Connection closed by authenticating user lp 209.38.20.207 port 47500 [preauth]
Dec 29 13:09:56 websystem sshd[2262]: Failed password for invalid user asus from 43.136.95.69 port 22996 ssh2
Dec 29 13:09:56 websystem sshd[2262]: Connection closed by invalid user asus 43.136.95.69 port 22996 [preauth]
Dec 29 13:09:57 websystem sshd[2265]: Invalid user docker from 209.38.20.207 port 42372
Dec 29 13:09:57 websystem sshd[2265]: pam_unix(sshd:auth): check pass; user unknown
Dec 29 13:09:57 websystem sshd[2265]: pam_unix(sshd:auth): authentication failure; logname= uid=0 euid=0 tty=ssh ruser= rhost=209.38.20.207
Dec 29 13:09:58 websystem sshd[2272]: Invalid user deployer from 43.136.95.69 port 65188
Dec 29 13:09:58 websystem sshd[2272]: pam_unix(sshd:auth): check pass; user unknown
Dec 29 13:09:58 websystem sshd[2272]: pam_unix(sshd:auth): authentication failure; logname= uid=0 euid=0 tty=ssh ruser= rhost=43.136.95.69
Dec 29 13:09:59 websystem sshd[2265]: Failed password for invalid user docker from 209.38.20.207 port 42372 ssh2
Dec 29 13:09:59 websystem sshd[2265]: Connection closed by invalid user docker 209.38.20.207 port 42372 [preauth]
Dec 29 13:09:59 websystem sshd[2275]: Invalid user ubnt from 209.38.20.207 port 37244
Dec 29 13:10:00 websystem sshd[2272]: Failed password for invalid user deployer from 43.136.95.69 port 65188 ssh2
Dec 29 13:10:00 websystem sshd[2275]: pam_unix(sshd:auth): check pass; user unknown
Dec 29 13:10:00 websystem sshd[2275]: pam_unix(sshd:auth): authentication failure; logname= uid=0 euid=0 tty=ssh ruser= rhost=209.38.20.207
Dec 29 13:10:01 websystem sshd[2272]: Connection closed by invalid user deployer 43.136.95.69 port 65188 [preauth]
Dec 29 13:10:02 websystem sshd[2278]: Invalid user config from 43.136.95.69 port 13277
Dec 29 13:10:02 websystem sshd[2275]: Failed password for invalid user ubnt from 209.38.20.207 port 37244 ssh2
Dec 29 13:10:02 websystem sshd[2278]: pam_unix(sshd:auth): check pass; user unknown
Dec 29 13:10:02 websystem sshd[2278]: pam_unix(sshd:auth): authentication failure; logname= uid=0 euid=0 tty=ssh ruser= rhost=43.136.95.69
Dec 29 13:10:02 websystem sshd[2275]: Connection closed by invalid user ubnt 209.38.20.207 port 37244 [preauth]
Dec 29 13:10:03 websystem sshd[2280]: Invalid user nexus from 209.38.20.207 port 60348
Dec 29 13:10:03 websystem sshd[2280]: pam_unix(sshd:auth): check pass; user unknown
Dec 29 13:10:03 websystem sshd[2280]: pam_unix(sshd:auth): authentication failure; logname= uid=0 euid=0 tty=ssh ruser= rhost=209.38.20.207
Dec 29 13:10:03 websystem sshd[2278]: Failed password for invalid user config from 43.136.95.69 port 13277 ssh2
Dec 29 13:10:04 websystem sshd[2278]: Connection closed by invalid user config 43.136.95.69 port 13277 [preauth]
Dec 29 13:10:04 websystem sshd[2280]: Failed password for invalid user nexus from 209.38.20.207 port 60348 ssh2
Dec 29 13:10:05 websystem sshd[2280]: Connection closed by invalid user nexus 209.38.20.207 port 60348 [preauth]
Dec 29 13:10:05 websystem sshd[2284]: pam_unix(sshd:auth): authentication failure; logname= uid=0 euid=0 tty=ssh ruser= rhost=43.136.95.69  user=root
Dec 29 13:10:06 websystem sshd[2286]: Invalid user test from 209.38.20.207 port 55220
Dec 29 13:10:06 websystem sshd[2286]: pam_unix(sshd:auth): check pass; user unknown
Dec 29 13:10:06 websystem sshd[2286]: pam_unix(sshd:auth): authentication failure; logname= uid=0 euid=0 tty=ssh ruser= rhost=209.38.20.207
Dec 29 13:10:07 websystem sshd[2284]: Failed password for root from 43.136.95.69 port 33491 ssh2
Dec 29 13:10:07 websystem sshd[2284]: Connection closed by authenticating user root 43.136.95.69 port 33491 [preauth]
Dec 29 13:10:08 websystem sshd[2286]: Failed password for invalid user test from 209.38.20.207 port 55220 ssh2
Dec 29 13:10:08 websystem sshd[2286]: Connection closed by invalid user test 209.38.20.207 port 55220 [preauth]
Dec 29 13:10:09 websystem sshd[2291]: Invalid user huawei from 209.38.20.207 port 50092
Dec 29 13:10:09 websystem sshd[2291]: pam_unix(sshd:auth): check pass; user unknown
Dec 29 13:10:09 websystem sshd[2291]: pam_unix(sshd:auth): authentication failure; logname= uid=0 euid=0 tty=ssh ruser= rhost=209.38.20.207
Dec 29 13:10:10 websystem sshd[2289]: Invalid user ubuntu from 43.136.95.69 port 44378
Dec 29 13:10:10 websystem sshd[2289]: pam_unix(sshd:auth): check pass; user unknown
Dec 29 13:10:10 websystem sshd[2289]: pam_unix(sshd:auth): authentication failure; logname= uid=0 euid=0 tty=ssh ruser= rhost=43.136.95.69
Dec 29 13:10:11 websystem sshd[2291]: Failed password for invalid user huawei from 209.38.20.207 port 50092 ssh2
Dec 29 13:10:11 websystem sshd[2291]: Connection closed by invalid user huawei 209.38.20.207 port 50092 [preauth]
Dec 29 13:10:12 websystem sshd[2289]: Failed password for invalid user ubuntu from 43.136.95.69 port 44378 ssh2
Dec 29 13:10:12 websystem sshd[2289]: Connection closed by invalid user ubuntu 43.136.95.69 port 44378 [preauth]
Dec 29 13:10:13 websystem sshd[2295]: Invalid user raj_ops from 209.38.20.207 port 44964
Dec 29 13:10:13 websystem sshd[2295]: pam_unix(sshd:auth): check pass; user unknown
Dec 29 13:10:13 websystem sshd[2295]: pam_unix(sshd:auth): authentication failure; logname= uid=0 euid=0 tty=ssh ruser= rhost=209.38.20.207
Dec 29 13:10:14 websystem sshd[2302]: Invalid user hadoop from 43.136.95.69 port 31628
Dec 29 13:10:14 websystem sshd[2302]: pam_unix(sshd:auth): check pass; user unknown
Dec 29 13:10:14 websystem sshd[2302]: pam_unix(sshd:auth): authentication failure; logname= uid=0 euid=0 tty=ssh ruser= rhost=43.136.95.69
Dec 29 13:10:15 websystem sshd[2295]: Failed password for invalid user raj_ops from 209.38.20.207 port 44964 ssh2
Dec 29 13:10:15 websystem sshd[2302]: Failed password for invalid user hadoop from 43.136.95.69 port 31628 ssh2
Dec 29 13:10:15 websystem sshd[2295]: Connection closed by invalid user raj_ops 209.38.20.207 port 44964 [preauth]
Dec 29 13:10:15 websystem sshd[2302]: Connection closed by invalid user hadoop 43.136.95.69 port 31628 [preauth]
Dec 29 13:10:16 websystem sshd[2329]: Invalid user g from 209.38.20.207 port 39836
Dec 29 13:10:16 websystem sshd[2329]: pam_unix(sshd:auth): check pass; user unknown
Dec 29 13:10:16 websystem sshd[2329]: pam_unix(sshd:auth): authentication failure; logname= uid=0 euid=0 tty=ssh ruser= rhost=209.38.20.207
Dec 29 13:10:17 websystem sshd[2331]: Invalid user vyatta from 43.136.95.69 port 6643
Dec 29 13:10:17 websystem sshd[2331]: pam_unix(sshd:auth): check pass; user unknown
Dec 29 13:10:17 websystem sshd[2331]: pam_unix(sshd:auth): authentication failure; logname= uid=0 euid=0 tty=ssh ruser= rhost=43.136.95.69
Dec 29 13:10:18 websystem sshd[2329]: Failed password for invalid user g from 209.38.20.207 port 39836 ssh2
Dec 29 13:10:18 websystem sshd[2329]: Connection closed by invalid user g 209.38.20.207 port 39836 [preauth]
Dec 29 13:10:18 websystem sshd[2331]: Failed password for invalid user vyatta from 43.136.95.69 port 6643 ssh2
Dec 29 13:10:19 websystem sshd[2331]: Connection closed by invalid user vyatta 43.136.95.69 port 6643 [preauth]
Dec 29 13:10:19 websystem sshd[2338]: Invalid user gitlab-runner from 209.38.20.207 port 34708
Dec 29 13:10:19 websystem sshd[2338]: pam_unix(sshd:auth): check pass; user unknown
Dec 29 13:10:19 websystem sshd[2338]: pam_unix(sshd:auth): authentication failure; logname= uid=0 euid=0 tty=ssh ruser= rhost=209.38.20.207
Dec 29 13:10:20 websystem sshd[2343]: Invalid user postgres from 43.136.95.69 port 31629
Dec 29 13:10:20 websystem sshd[2343]: pam_unix(sshd:auth): check pass; user unknown
Dec 29 13:10:20 websystem sshd[2343]: pam_unix(sshd:auth): authentication failure; logname= uid=0 euid=0 tty=ssh ruser= rhost=43.136.95.69
Dec 29 13:10:21 websystem sshd[2341]: pam_unix(sshd:auth): authentication failure; logname= uid=0 euid=0 tty=ssh ruser= rhost=218.92.0.97  user=root
Dec 29 13:10:22 websystem sshd[2338]: Failed password for invalid user gitlab-runner from 209.38.20.207 port 34708 ssh2
Dec 29 13:10:22 websystem sshd[2343]: Failed password for invalid user postgres from 43.136.95.69 port 31629 ssh2
Dec 29 13:10:22 websystem sshd[2341]: Failed password for root from 218.92.0.97 port 11867 ssh2
Dec 29 13:10:22 websystem sshd[2345]: Invalid user enshrouded from 209.38.20.207 port 57812
Dec 29 13:10:22 websystem sshd[2338]: Connection closed by invalid user gitlab-runner 209.38.20.207 port 34708 [preauth]
Dec 29 13:10:22 websystem sshd[2345]: pam_unix(sshd:auth): check pass; user unknown
Dec 29 13:10:22 websystem sshd[2345]: pam_unix(sshd:auth): authentication failure; logname= uid=0 euid=0 tty=ssh ruser= rhost=209.38.20.207
Dec 29 13:10:23 websystem sshd[2343]: Connection closed by invalid user postgres 43.136.95.69 port 31629 [preauth]
Dec 29 13:10:24 websystem sshd[2341]: Failed password for root from 218.92.0.97 port 11867 ssh2
Dec 29 13:10:24 websystem sshd[2345]: Failed password for invalid user enshrouded from 209.38.20.207 port 57812 ssh2
Dec 29 13:10:24 websystem sshd[2345]: Connection closed by invalid user enshrouded 209.38.20.207 port 57812 [preauth]
Dec 29 13:10:25 websystem sshd[2349]: pam_unix(sshd:auth): authentication failure; logname= uid=0 euid=0 tty=ssh ruser= rhost=43.136.95.69  user=root
Dec 29 13:10:25 websystem sshd[2351]: Invalid user mssql from 209.38.20.207 port 52684
Dec 29 13:10:26 websystem sshd[2351]: pam_unix(sshd:auth): check pass; user unknown
Dec 29 13:10:26 websystem sshd[2351]: pam_unix(sshd:auth): authentication failure; logname= uid=0 euid=0 tty=ssh ruser= rhost=209.38.20.207
Dec 29 13:10:26 websystem sshd[2341]: Failed password for root from 218.92.0.97 port 11867 ssh2
Dec 29 13:10:26 websystem sshd[2341]: Received disconnect from 218.92.0.97 port 11867:11:  [preauth]
Dec 29 13:10:26 websystem sshd[2341]: Disconnected from authenticating user root 218.92.0.97 port 11867 [preauth]
Dec 29 13:10:26 websystem sshd[2341]: PAM 2 more authentication failures; logname= uid=0 euid=0 tty=ssh ruser= rhost=218.92.0.97  user=root
Dec 29 13:10:27 websystem sshd[2351]: Failed password for invalid user mssql from 209.38.20.207 port 52684 ssh2
Dec 29 13:10:27 websystem sshd[2351]: Connection closed by invalid user mssql 209.38.20.207 port 52684 [preauth]
Dec 29 13:10:27 websystem sshd[2349]: Failed password for root from 43.136.95.69 port 22997 ssh2
Dec 29 13:10:27 websystem sshd[2349]: Connection closed by authenticating user root 43.136.95.69 port 22997 [preauth]
Dec 29 13:10:29 websystem sshd[2356]: pam_unix(sshd:auth): authentication failure; logname= uid=0 euid=0 tty=ssh ruser= rhost=209.38.20.207  user=games
Dec 29 13:10:29 websystem sshd[2358]: pam_unix(sshd:auth): authentication failure; logname= uid=0 euid=0 tty=ssh ruser= rhost=43.136.95.69  user=root
Dec 29 13:10:30 websystem sshd[2356]: Failed password for games from 209.38.20.207 port 47556 ssh2
Dec 29 13:10:31 websystem sshd[2358]: Failed password for root from 43.136.95.69 port 43876 ssh2
Dec 29 13:10:31 websystem sshd[2356]: Connection closed by authenticating user games 209.38.20.207 port 47556 [preauth]
Dec 29 13:10:31 websystem sshd[2358]: Connection closed by authenticating user root 43.136.95.69 port 43876 [preauth]
Dec 29 13:10:32 websystem sshd[2361]: Invalid user tomcat from 209.38.20.207 port 42428
Dec 29 13:10:32 websystem sshd[2361]: pam_unix(sshd:auth): check pass; user unknown
Dec 29 13:10:32 websystem sshd[2361]: pam_unix(sshd:auth): authentication failure; logname= uid=0 euid=0 tty=ssh ruser= rhost=209.38.20.207
Dec 29 13:10:33 websystem sshd[2363]: Invalid user user from 43.136.95.69 port 53156
Dec 29 13:10:33 websystem sshd[2363]: pam_unix(sshd:auth): check pass; user unknown
Dec 29 13:10:33 websystem sshd[2363]: pam_unix(sshd:auth): authentication failure; logname= uid=0 euid=0 tty=ssh ruser= rhost=43.136.95.69
Dec 29 13:10:34 websystem sshd[2361]: Failed password for invalid user tomcat from 209.38.20.207 port 42428 ssh2
Dec 29 13:10:34 websystem sshd[2361]: Connection closed by invalid user tomcat 209.38.20.207 port 42428 [preauth]
Dec 29 13:10:35 websystem sshd[2363]: Failed password for invalid user user from 43.136.95.69 port 53156 ssh2
Dec 29 13:10:35 websystem sshd[2363]: Connection closed by invalid user user 43.136.95.69 port 53156 [preauth]
Dec 29 13:10:35 websystem sshd[2367]: Invalid user es from 209.38.20.207 port 37300
Dec 29 13:10:35 websystem sshd[2367]: pam_unix(sshd:auth): check pass; user unknown
Dec 29 13:10:35 websystem sshd[2367]: pam_unix(sshd:auth): authentication failure; logname= uid=0 euid=0 tty=ssh ruser= rhost=209.38.20.207
Dec 29 13:10:36 websystem sshd[2370]: Invalid user test from 43.136.95.69 port 6644
Dec 29 13:10:37 websystem sshd[2370]: pam_unix(sshd:auth): check pass; user unknown
Dec 29 13:10:37 websystem sshd[2370]: pam_unix(sshd:auth): authentication failure; logname= uid=0 euid=0 tty=ssh ruser= rhost=43.136.95.69
Dec 29 13:10:37 websystem sshd[2367]: Failed password for invalid user es from 209.38.20.207 port 37300 ssh2
Dec 29 13:10:38 websystem sshd[2367]: Connection closed by invalid user es 209.38.20.207 port 37300 [preauth]
Dec 29 13:10:39 websystem sshd[2377]: pam_unix(sshd:auth): authentication failure; logname= uid=0 euid=0 tty=ssh ruser= rhost=209.38.20.207  user=root
Dec 29 13:10:39 websystem sshd[2370]: Failed password for invalid user test from 43.136.95.69 port 6644 ssh2
Dec 29 13:10:39 websystem sshd[2370]: Connection closed by invalid user test 43.136.95.69 port 6644 [preauth]
Dec 29 13:10:40 websystem sshd[2377]: Failed password for root from 209.38.20.207 port 60404 ssh2
Dec 29 13:10:41 websystem sshd[2377]: Connection closed by authenticating user root 209.38.20.207 port 60404 [preauth]
Dec 29 13:10:41 websystem sshd[2379]: Invalid user user from 43.136.95.69 port 31630
Dec 29 13:10:42 websystem sshd[2379]: pam_unix(sshd:auth): check pass; user unknown
Dec 29 13:10:42 websystem sshd[2379]: pam_unix(sshd:auth): authentication failure; logname= uid=0 euid=0 tty=ssh ruser= rhost=43.136.95.69
Dec 29 13:10:42 websystem sshd[2382]: pam_unix(sshd:auth): authentication failure; logname= uid=0 euid=0 tty=ssh ruser= rhost=209.38.20.207  user=root
Dec 29 13:10:44 websystem sshd[2379]: Failed password for invalid user user from 43.136.95.69 port 31630 ssh2
Dec 29 13:10:44 websystem sshd[2379]: Connection closed by invalid user user 43.136.95.69 port 31630 [preauth]
Dec 29 13:10:45 websystem sshd[2382]: Failed password for root from 209.38.20.207 port 55276 ssh2
Dec 29 13:10:45 websystem sshd[2382]: Connection closed by authenticating user root 209.38.20.207 port 55276 [preauth]
Dec 29 13:10:45 websystem sshd[2415]: Invalid user esuser from 209.38.20.207 port 50148
Dec 29 13:10:45 websystem sshd[2415]: pam_unix(sshd:auth): check pass; user unknown
Dec 29 13:10:45 websystem sshd[2415]: pam_unix(sshd:auth): authentication failure; logname= uid=0 euid=0 tty=ssh ruser= rhost=209.38.20.207
Dec 29 13:10:46 websystem sshd[2417]: Invalid user test from 43.136.95.69 port 43877
Dec 29 13:10:46 websystem sshd[2417]: pam_unix(sshd:auth): check pass; user unknown
Dec 29 13:10:46 websystem sshd[2417]: pam_unix(sshd:auth): authentication failure; logname= uid=0 euid=0 tty=ssh ruser= rhost=43.136.95.69
Dec 29 13:10:47 websystem sshd[2415]: Failed password for invalid user esuser from 209.38.20.207 port 50148 ssh2
Dec 29 13:10:47 websystem sshd[2415]: Connection closed by invalid user esuser 209.38.20.207 port 50148 [preauth]
Dec 29 13:10:48 websystem sshd[2417]: Failed password for invalid user test from 43.136.95.69 port 43877 ssh2
Dec 29 13:10:48 websystem sshd[2417]: Connection closed by invalid user test 43.136.95.69 port 43877 [preauth]
Dec 29 13:10:49 websystem sshd[2420]: Invalid user hadoop from 209.38.20.207 port 45020
Dec 29 13:10:49 websystem sshd[2420]: pam_unix(sshd:auth): check pass; user unknown
Dec 29 13:10:49 websystem sshd[2420]: pam_unix(sshd:auth): authentication failure; logname= uid=0 euid=0 tty=ssh ruser= rhost=209.38.20.207
Dec 29 13:10:49 websystem sshd[2423]: Invalid user linux from 43.136.95.69 port 43878
Dec 29 13:10:50 websystem sshd[2423]: pam_unix(sshd:auth): check pass; user unknown
Dec 29 13:10:50 websystem sshd[2423]: pam_unix(sshd:auth): authentication failure; logname= uid=0 euid=0 tty=ssh ruser= rhost=43.136.95.69
Dec 29 13:10:51 websystem sshd[2423]: Failed password for invalid user linux from 43.136.95.69 port 43878 ssh2
Dec 29 13:10:51 websystem sshd[2420]: Failed password for invalid user hadoop from 209.38.20.207 port 45020 ssh2
Dec 29 13:10:51 websystem sshd[2423]: Connection closed by invalid user linux 43.136.95.69 port 43878 [preauth]
Dec 29 13:10:52 websystem sshd[2420]: Connection closed by invalid user hadoop 209.38.20.207 port 45020 [preauth]
Dec 29 13:10:52 websystem sshd[2426]: Invalid user elasticsearch from 209.38.20.207 port 39892
Dec 29 13:10:52 websystem sshd[2426]: pam_unix(sshd:auth): check pass; user unknown
Dec 29 13:10:52 websystem sshd[2426]: pam_unix(sshd:auth): authentication failure; logname= uid=0 euid=0 tty=ssh ruser= rhost=209.38.20.207
Dec 29 13:10:53 websystem sshd[2428]: Invalid user tomcat from 43.136.95.69 port 33492
Dec 29 13:10:53 websystem sshd[2428]: pam_unix(sshd:auth): check pass; user unknown
Dec 29 13:10:53 websystem sshd[2428]: pam_unix(sshd:auth): authentication failure; logname= uid=0 euid=0 tty=ssh ruser= rhost=43.136.95.69
Dec 29 13:10:53 websystem sshd[2426]: Failed password for invalid user elasticsearch from 209.38.20.207 port 39892 ssh2
Dec 29 13:10:54 websystem sshd[2426]: Connection closed by invalid user elasticsearch 209.38.20.207 port 39892 [preauth]
Dec 29 13:10:55 websystem sshd[2428]: Failed password for invalid user tomcat from 43.136.95.69 port 33492 ssh2
Dec 29 13:10:55 websystem sshd[2432]: Invalid user yarn from 209.38.20.207 port 34764
Dec 29 13:10:55 websystem sshd[2428]: Connection closed by invalid user tomcat 43.136.95.69 port 33492 [preauth]
Dec 29 13:10:56 websystem sshd[2432]: pam_unix(sshd:auth): check pass; user unknown
Dec 29 13:10:56 websystem sshd[2432]: pam_unix(sshd:auth): authentication failure; logname= uid=0 euid=0 tty=ssh ruser= rhost=209.38.20.207
Dec 29 13:10:58 websystem sshd[2432]: Failed password for invalid user yarn from 209.38.20.207 port 34764 ssh2
Dec 29 13:10:58 websystem sshd[2432]: Connection closed by invalid user yarn 209.38.20.207 port 34764 [preauth]
Dec 29 13:10:58 websystem sshd[2440]: Invalid user netdata from 209.38.20.207 port 57868
Dec 29 13:10:59 websystem sshd[2440]: pam_unix(sshd:auth): check pass; user unknown
Dec 29 13:10:59 websystem sshd[2440]: pam_unix(sshd:auth): authentication failure; logname= uid=0 euid=0 tty=ssh ruser= rhost=209.38.20.207
Dec 29 13:11:00 websystem sshd[2440]: Failed password for invalid user netdata from 209.38.20.207 port 57868 ssh2
Dec 29 13:11:01 websystem sshd[2440]: Connection closed by invalid user netdata 209.38.20.207 port 57868 [preauth]
Dec 29 13:11:02 websystem sshd[2443]: pam_unix(sshd:auth): authentication failure; logname= uid=0 euid=0 tty=ssh ruser= rhost=209.38.20.207  user=root
